{
    "seed": 123456,
    "data": [
        {
            "asset": {
                "unAssetClass": [
                    {
                        "unCurrencySymbol": "babdd8fbe981560c21d963a4e326d5b5b8f832dcb458df313310ecd61c9d805b583b854656ecdf6f08eb983b13ddd3ece840ab4ff180739cf11de01782506a3110c51b0ff889b1419c9de17296b84a8c345c7d8c7c1a2926f8114b"
                    },
                    {
                        "unTokenName": "\u00000x9bf280f8f06a58549efb937a4a5ecf240dbb6edaff092d30c404d9"
                    }
                ]
            }
        },
        {
            "asset": {
                "unAssetClass": [
                    {
                        "unCurrencySymbol": "84be711891dc0fd99a18dec84b49a640e45a9484f764f0b0896d46"
                    },
                    {
                        "unTokenName": "\u00000x7236f2eb4ca700bdb74b5a09983f9c77e24de34ea6767cc02d806ef1281c811dd6ffb422a2e5a50b15ccb128ba"
                    }
                ]
            }
        },
        {
            "asset": {
                "unAssetClass": [
                    {
                        "unCurrencySymbol": "8312c93b414adb0e195a3d86bf0a756e4f7a7c79665fbd5c0ff8f0561ebc60ddde9b13cfc6a3a7308a5d525d5ddbfb2a7e45a10e356b3d0d04867e6cb099fe7d5110053cf4a63c1174"
                    },
                    {
                        "unTokenName": "\u00000x2a415e4928018ce1e5afbda88c"
                    }
                ]
            }
        },
        {
            "asset": {
                "unAssetClass": [
                    {
                        "unCurrencySymbol": "52d38ccc33feeefe54b805a11c2a3b564695ee2eb556432d646d01d36d8abd6ce5adfe3eccd8336be84e4ee08b279e8e50afdfc571e71e8c93a8f8015c841d9d15a773e6f2adf770a6d55a936d1e8ce9dc"
                    },
                    {
                        "unTokenName": "\u00000x479c78dbdee6aed43096b9fbd51d42dd8c254f880a00323594fb16211c480b489e1e7808fc62a43ff6b9c14c31e4083fb2f5c3d8f820b7bcc3f84750bd8e15c87140b63fb34cbc9e"
                    }
                ]
            }
        },
        {
            "asset": {
                "unAssetClass": [
                    {
                        "unCurrencySymbol": "0a29a8dd97f942886e1262794250c46d415380e145"
                    },
                    {
                        "unTokenName": "\u00000xe66517c7f1356270f44bbe3c00677b31e178a550b98dc12fb3a4f94fd7068567b26ce59361219220a61ca467923927e7e874891763d201091e5a975e0fd0bf9bc101c935f5802a0b0675e210a074c060440fab5316316de8d7f1"
                    }
                ]
            }
        },
        {
            "asset": {
                "unAssetClass": [
                    {
                        "unCurrencySymbol": "621811e8b61087cbe67c19bbe358635e601698bc9b2148550e6d96b1e8c3d3869b372a2510a2bfeaf941c42adf26"
                    },
                    {
                        "unTokenName": "\u00000xf5f922514df16f0a49dfde2dc58ce13f96680d2acd0264af5ede16d227e64632f014255692b866d99096abadfee8d8dd817d2a3548caa0ecc77698fd844ce52bd974fe4bb95543d40b5403a0bdef703daf99b90e24c066552921fc8af36754"
                    }
                ]
            }
        },
        {
            "asset": {
                "unAssetClass": [
                    {
                        "unCurrencySymbol": "ec277253b8cf6fca"
                    },
                    {
                        "unTokenName": "B"
                    }
                ]
            }
        },
        {
            "asset": {
                "unAssetClass": [
                    {
                        "unCurrencySymbol": "595ae77edf88e72763a9aa5da62b94eb37fc2191"
                    },
                    {
                        "unTokenName": "\u00000x9413e445c831a20bc1da067be3fdebb9e7d4ed0d16729cdd02bac46413d79b2b5e2fe7e74cd0299f792b3c3537a8ccfdb44d91a2ad2762a2585ca37b5ce49af0c14da81aca1920e072393881069f93431f9e59929d193a50da58e6e9ec0e0dec"
                    }
                ]
            }
        },
        {
            "asset": {
                "unAssetClass": [
                    {
                        "unCurrencySymbol": "5ca087c833d5eabfa584ac8d77c458ad109b8f18e3186a3810af4f529ae82e97"
                    },
                    {
                        "unTokenName": "\u00000x2d64d1c05e2d8995640d894acbc489a23b24ec58120bc052dbec7c2692c510228ddb"
                    }
                ]
            }
        },
        {
            "asset": {
                "unAssetClass": [
                    {
                        "unCurrencySymbol": "139fd0"
                    },
                    {
                        "unTokenName": "\u00000x897c1180ff39f3c4505382f81d12f119ec20f4062c03975eaa950ca2db7557cc605d05931f598fefbef8794c637752f0585ea7b8b7ab123cecb4aa37fe9d"
                    }
                ]
            }
        },
        {
            "asset": {
                "unAssetClass": [
                    {
                        "unCurrencySymbol": "40456a820f219dffa7392d2ac6c7ab76a4172b37289630e8ce799594dfede9975727bf6ec61bf194d1093cc7d1"
                    },
                    {
                        "unTokenName": "\u00000x85dcdd92a021ff9fa1cd67dd04d10a1819cda8ecd0dcbe92749469f582357dc26e5013d68d822f4b227b3446625218266c1b78f7304ca34c7f147e86750312183df0b3f0ae2f6728b0267f953f41b87fc3e9bfe7cf62dcac66985f7d3223b2ca04"
                    }
                ]
            }
        },
        {
            "asset": {
                "unAssetClass": [
                    {
                        "unCurrencySymbol": "9e44f4a9ecb59898547f60c7dc71175851464b9971e8d550ffaad288f6ffe33df8ecf953b766c7c5068a070b213908"
                    },
                    {
                        "unTokenName": "\u00000xef53adb044a6c0696bb5482752e3b9f4d31faa0d4fb7e6"
                    }
                ]
            }
        },
        {
            "asset": {
                "unAssetClass": [
                    {
                        "unCurrencySymbol": "ebcfb091bbb51b3c4eb9a9b354d4209fa161e49013b0a6500433f7f7557c0b90325da8638a5d0a49214ab323684e1416fba792fb2e3dffda142283019821a384ad6d"
                    },
                    {
                        "unTokenName": "\u00000xb8d416bd1958bc40703f465648736e"
                    }
                ]
            }
        },
        {
            "asset": {
                "unAssetClass": [
                    {
                        "unCurrencySymbol": "964868d93e04279cc7d1fbd745ff0c55c0613cddcff795d47f7f3776a409e268d1619e5a38ca4d467d1d43b25250f98acc1696312503d7ddd6437de2776aa062f63461ac96e96592c64ffe513d68"
                    },
                    {
                        "unTokenName": "\u00000x7116df39ff437175b7a75da6916db1184f4b85e4ee8156a78e2fc46ec2e7c98f666faa38"
                    }
                ]
            }
        },
        {
            "asset": {
                "unAssetClass": [
                    {
                        "unCurrencySymbol": "c4458b0b032e94129a12ed3eff3343ae40b11a36b8f1ee36b20454ffb726443166fd3404121ba07dc8d0fa6e98fda6fa7d3a6501da243f8ce441787be5429f9850ee0b60aaf2097591a98b"
                    },
                    {
                        "unTokenName": "\u00000x9cc2dec3502135ee90569f933495a11a2367b1b16b44bf4ddbc3c673a4c5ba509a27112d"
                    }
                ]
            }
        },
        {
            "asset": {
                "unAssetClass": [
                    {
                        "unCurrencySymbol": "1427539fdadf5174365795f5100c19a7eb680988eb9994f1b19f8863f4240c08ef1b8b502303a74f744aac484b32c0fc1279088dbdaf"
                    },
                    {
                        "unTokenName": "\u00000x7355b789088b0dfaf4f3894e05a3ac6ad84059f2870d3b16c94dbd85f2152fcd38f9b4a337eacd84ffec00446eb98c5bd277601980a80a094b11"
                    }
                ]
            }
        },
        {
            "asset": {
                "unAssetClass": [
                    {
                        "unCurrencySymbol": "7dd3dacfa22bc82dba044899b57d76e1bc35015e5bb3f59b57b861839ee0044d0d6c1c86950b65ebb79a4a3d9fa6946fb789a146d721dde58c524237c783e481064e77dd75ca9b71"
                    },
                    {
                        "unTokenName": "\u00000x1b817d94e9ecc6fdf0f4c8113bcd34ea36cfdea5de10c092145aecb48f7040220f8a5284cfd7114fcc5b8eef4190f467747bc911f185f60b98"
                    }
                ]
            }
        },
        {
            "asset": {
                "unAssetClass": [
                    {
                        "unCurrencySymbol": "1b5c6489d0727f54d93ddabcb500056fcd28fb049b7fe07cd4c286c88aa96d144bd5ace9d38b4a681c07ff391b7d91b8f556a00c3c682182af5ea07f85462f"
                    },
                    {
                        "unTokenName": "\u00000x912d31b977964e5b1d98fac592ff92ac1422bfc56f2053d187d9c27e9be27c73f18e575598adcc"
                    }
                ]
            }
        },
        {
            "asset": {
                "unAssetClass": [
                    {
                        "unCurrencySymbol": "a6980426789bb5088cce5c135123c5b815c76b83c68453259af9082bc7b4a1184258f41ba836030063868b0e4ec991c4c7089c6a664c630c49b15b70894316a1"
                    },
                    {
                        "unTokenName": "\u00000x0487335bda1bc949d792c14c0e90213f629bed3f9a2a07a206ea3975b4023f245e9a64db3a44b99ede9c8f7517436b0a85e30f565fbc2fb6d2e0"
                    }
                ]
            }
        },
        {
            "asset": {
                "unAssetClass": [
                    {
                        "unCurrencySymbol": "fe3ea313f94f82007578cdc03af1ce358c6124ada00261ba507b535d814acb8753b332925207415858f377fc3cda3a47d7c1b5bc5e6ce10baf58262d1356dd1cd3629711fafedeaed7638ad5"
                    },
                    {
                        "unTokenName": "\u00000x06c8884b0a1d6215d543f697eaa1e9f0ee3a64feedd0f00d7756fe951883b199210629b5f67f812a23828c988fe10d46cfbf0876718f3d78483d7aff00427edc831b52ee43aaa900d1314cc054e1351790399532"
                    }
                ]
            }
        }
    ]
}