{
    "seed": 123456,
    "data": [
        {
            "signers": [
                {
                    "getPubKeyHash": "a0a0a65187c1f1c76635cec08593b31b531bdd7254c1ddc4"
                },
                {
                    "getPubKeyHash": "61e4ca61431593e2"
                },
                {
                    "getPubKeyHash": "dacfdbd903696e2552"
                },
                {
                    "getPubKeyHash": "fcdb4b93d65a1ad4d29fdcd566"
                },
                {
                    "getPubKeyHash": "ad4193e3ccf17570d62e37f4bd88b2dfcc606eb306f061"
                },
                {
                    "getPubKeyHash": ""
                },
                {
                    "getPubKeyHash": "b443ce8254802b0e676791"
                },
                {
                    "getPubKeyHash": "563cf9dde6846f577280ca9cbfcc33e8ab6cf289a147adccd21184946a5b"
                },
                {
                    "getPubKeyHash": "647659b6d2024714005d22ff4c8b9dfaf5cea73ece"
                },
                {
                    "getPubKeyHash": "90f9298dda294f8ef19b5eb3f825bbc4f679bf641212ee6250a1d6"
                },
                {
                    "getPubKeyHash": "553d2aa4839b194c7d4e408a0ade82b5f28ecc8295fccfc3b5"
                },
                {
                    "getPubKeyHash": "4581d32d351cd52f298a3bd54981"
                },
                {
                    "getPubKeyHash": "f5abd754983a4e846678c54c64f4d5a24ada9581982d861db79d"
                },
                {
                    "getPubKeyHash": "67f17627a6a6cd95b7838b5c270d"
                },
                {
                    "getPubKeyHash": "47fbc03e7b0771ec004c76a2dca03e247113bcac36dd02355862"
                },
                {
                    "getPubKeyHash": "0be342be86e7"
                },
                {
                    "getPubKeyHash": "08cabc94a965a0e642b44598d08c3e2c4c05"
                },
                {
                    "getPubKeyHash": "e9e2ed6402be20b8fc178d9befddd336f51287dd61cc9f56f63ed1"
                },
                {
                    "getPubKeyHash": "82ef20244b63422238bbf7"
                },
                {
                    "getPubKeyHash": "94b1f22152465fadeec6"
                },
                {
                    "getPubKeyHash": "e81d3305acd8ea789dfeb7"
                },
                {
                    "getPubKeyHash": "ddea75d57181e845ff"
                },
                {
                    "getPubKeyHash": "46d1dd91ee65e5a450df2edaf8b6c12ba3cb1f7fa4d0"
                },
                {
                    "getPubKeyHash": "38234c91507d5070dbb7036d4674d9"
                },
                {
                    "getPubKeyHash": "e1"
                },
                {
                    "getPubKeyHash": "ce8014"
                },
                {
                    "getPubKeyHash": "a2175398e2"
                },
                {
                    "getPubKeyHash": "3c7adeca6f668cb06fc2a7e2aeaa"
                },
                {
                    "getPubKeyHash": "b9ecde59477ee4f89ba4f367711b22"
                }
            ]
        },
        {
            "signers": [
                {
                    "getPubKeyHash": "4820d61f507ae54d6ae51f"
                },
                {
                    "getPubKeyHash": "a09b7c29355ac22b92d97ef80cf0cc3e"
                },
                {
                    "getPubKeyHash": "f2ad7a1af41cfcb75a1e"
                },
                {
                    "getPubKeyHash": "306c936bfb66a3242f89ab90207b4c137346"
                },
                {
                    "getPubKeyHash": "46f4e89902adb264203e5f97e8fb8937905603"
                },
                {
                    "getPubKeyHash": "aaacf62237dddb2ff8ae1a84e046921d79ba1d7d5aef138e5b0c2027"
                },
                {
                    "getPubKeyHash": "a04f1cc0157291a01949128ec26654b39ea8"
                },
                {
                    "getPubKeyHash": "6c688c95b11347503fef8e7f47a1bd8f24"
                },
                {
                    "getPubKeyHash": "30e62eb1c48c65f8"
                },
                {
                    "getPubKeyHash": "63d198dae8fbe8a67fe0be3e1ec0b1c7"
                },
                {
                    "getPubKeyHash": "a8890966f6"
                },
                {
                    "getPubKeyHash": "dbf771cc4684b6978dd4c9"
                },
                {
                    "getPubKeyHash": "46c68d29f288204646"
                },
                {
                    "getPubKeyHash": "2c8a632609e92754e4d24a2881d79806c87642102925a84250f07e"
                },
                {
                    "getPubKeyHash": "a5309047e8c5fee8c3719a89270eb3456d95c1"
                },
                {
                    "getPubKeyHash": "c6"
                },
                {
                    "getPubKeyHash": "271c06b2e4"
                },
                {
                    "getPubKeyHash": "be424de2a044f617d7a44c9b1ee89573a542"
                },
                {
                    "getPubKeyHash": "dec7869efd63ebb3710d90e6ff1031"
                },
                {
                    "getPubKeyHash": "732975816fbb39514a9922d0f23aba91515a5976fb183a38f57f34"
                },
                {
                    "getPubKeyHash": "510a4f3f785b84ecd55e369e5c967507d35346c6b9e195700c2676a936"
                },
                {
                    "getPubKeyHash": "f67378d8c12ca79c5ca274f3ce42dc3cd73426"
                },
                {
                    "getPubKeyHash": "1e18d61c527b876680057c4cf536e621f3f2da18"
                },
                {
                    "getPubKeyHash": "b5"
                },
                {
                    "getPubKeyHash": "1276cd32a3fd8683b1471e5c34e857dbf6e4250a733d"
                },
                {
                    "getPubKeyHash": "7aa3f623"
                },
                {
                    "getPubKeyHash": "8a8fe315b4078ed570bfee3a30388b910053a7e29748a7be6e"
                },
                {
                    "getPubKeyHash": "75bcda526b7cc9f913e49ce63408b3b8d2"
                },
                {
                    "getPubKeyHash": "5cc98692c6e4649e23d9472dde856092c963433a106620"
                },
                {
                    "getPubKeyHash": "441cbbcd072292870bd69421"
                }
            ]
        },
        {
            "signers": [
                {
                    "getPubKeyHash": "ee852ef24c8f31e3f9"
                },
                {
                    "getPubKeyHash": "5e94ca1f04fb"
                },
                {
                    "getPubKeyHash": "51f01340ae6c7368d11512"
                },
                {
                    "getPubKeyHash": "f0ab85f1"
                },
                {
                    "getPubKeyHash": "697be62554a4e47e1dede7b66e0a140810c76b689fb0e82db716d7da0b"
                },
                {
                    "getPubKeyHash": "107d61"
                },
                {
                    "getPubKeyHash": "59e758"
                },
                {
                    "getPubKeyHash": "fa6bc7eef60c5d4ae1d500892b68815658f211c3"
                },
                {
                    "getPubKeyHash": "a9c93cae158d7ad4b84ffcd2d7f92d1359d00a2ee0c4e14f45be55"
                },
                {
                    "getPubKeyHash": "d6544abd5f6f"
                },
                {
                    "getPubKeyHash": "d1b69a38e93fa1f11d27fd8c42b82aaf3b1a5303ace9"
                },
                {
                    "getPubKeyHash": "34d2e6ae08a7b2347c4eddd9a37156e9"
                },
                {
                    "getPubKeyHash": "2a45e04b410ea36c4c2088d53b05b3"
                },
                {
                    "getPubKeyHash": "79782e1a04fe077fdfd190f5d442816e5af31e921a"
                },
                {
                    "getPubKeyHash": "5835fe8c706ef2427ab4d0d5e48900"
                },
                {
                    "getPubKeyHash": "98107e"
                },
                {
                    "getPubKeyHash": "18ff9014faca25ee"
                },
                {
                    "getPubKeyHash": "3bddd5a5e742b955fd996c21a9ce72781fed3dfd62"
                }
            ]
        },
        {
            "signers": [
                {
                    "getPubKeyHash": "71b0735029e3c4548ce1db7523fd3e614a9471e36499593a8d28dc"
                },
                {
                    "getPubKeyHash": "75cffa7cc1aa2126fc4f5b07d72eefec881781cdad7a67"
                },
                {
                    "getPubKeyHash": "a52bffb884e459421b1e1d084b4ba5b17b2044bc0226ef95ec9faa3c"
                },
                {
                    "getPubKeyHash": "15da0ef63011bad0c68b069f41f67051aac9b21ea0a327d1"
                },
                {
                    "getPubKeyHash": "55dfda712d4391b30530b4"
                },
                {
                    "getPubKeyHash": "674d"
                },
                {
                    "getPubKeyHash": "eeb17898aab5d5d770ae737f865f65bf87013adb2a32aed6767a8d4b76"
                },
                {
                    "getPubKeyHash": "0e9f28df2ba6a3a12f47143a225868"
                },
                {
                    "getPubKeyHash": "9cefbdb03e0c1b7144"
                },
                {
                    "getPubKeyHash": "ad5a03c607c50596f3273c87c8255034f9a83dad69aa"
                },
                {
                    "getPubKeyHash": "eedd"
                },
                {
                    "getPubKeyHash": "bac7c5e6d7"
                },
                {
                    "getPubKeyHash": "e3c0fa8fdd47da"
                },
                {
                    "getPubKeyHash": "a703d5a398bcc5fe4acd57e43255b717"
                },
                {
                    "getPubKeyHash": "45849fa4897ac552d9"
                },
                {
                    "getPubKeyHash": "bf4bb1da4639af25a04a6eb9a617ad2e21"
                },
                {
                    "getPubKeyHash": "38"
                },
                {
                    "getPubKeyHash": "19a3ecae276b5c0d25ad19a6"
                },
                {
                    "getPubKeyHash": "fe6f2b1d64430176d6b54d957db6371a297f731c039e248e30d95929"
                }
            ]
        },
        {
            "signers": [
                {
                    "getPubKeyHash": "d4bd9f4fb5f118"
                },
                {
                    "getPubKeyHash": "297aa989118817b0bf79b2f0370900fa10c25566bae2a603f610d3"
                },
                {
                    "getPubKeyHash": "da"
                },
                {
                    "getPubKeyHash": "cd960ffcd363ca75240c8419fcc425d27e594bea9bfcdf15cd"
                },
                {
                    "getPubKeyHash": "64cc2975d85961bf83d72c89f661cbf5d2c76aa989a62d"
                },
                {
                    "getPubKeyHash": "fd0d3e76394960f17ee522bc1cad16729345d198"
                },
                {
                    "getPubKeyHash": "96f896a6cc53b18d691d179a0a3405441e0abc7fa56aa0d2fee02f4ce5"
                },
                {
                    "getPubKeyHash": "f1f79db146766b2f0e7b469e4d"
                },
                {
                    "getPubKeyHash": "7abcf8b2f7"
                }
            ]
        },
        {
            "signers": [
                {
                    "getPubKeyHash": "eddf7e5147a2b0ea0ca015a352dec143bb"
                },
                {
                    "getPubKeyHash": "ed69890e381c63e43674b2dc9800c63b6e5cb1d2fb3c2d"
                },
                {
                    "getPubKeyHash": "fd"
                },
                {
                    "getPubKeyHash": "dd16"
                },
                {
                    "getPubKeyHash": "2000cc81fd3319ad949fe88a3cdafbb067"
                },
                {
                    "getPubKeyHash": ""
                },
                {
                    "getPubKeyHash": "a632dc1822bd441eff6da27a99fddda1788e22f0d7789655e0574eaca1"
                },
                {
                    "getPubKeyHash": "b0ceaecf3c9f0d192eefa139346fbe04affc7aef902ee0f9"
                },
                {
                    "getPubKeyHash": "228f44ed0ee4b58877949544cbe135bef360306c23"
                },
                {
                    "getPubKeyHash": "02367e7c2c43f76d586cac03c03cc64cf6e4"
                },
                {
                    "getPubKeyHash": "91a60d14d7ea4577698d64bfc8892155457cea2e98e527fe66b1"
                },
                {
                    "getPubKeyHash": "c60cca08f19b2dc0ff6aa7f339b6f80550c9"
                },
                {
                    "getPubKeyHash": "089ca9ea4d1ae93679d264ea1a"
                },
                {
                    "getPubKeyHash": "a805cb"
                },
                {
                    "getPubKeyHash": "edaa8fcbfd7e38a9e210a01cce3e"
                },
                {
                    "getPubKeyHash": "4c0dcd2c48"
                },
                {
                    "getPubKeyHash": "302c18fedbd6d9cf510ad6b687bc9b5166f8793b1576"
                },
                {
                    "getPubKeyHash": "aa"
                },
                {
                    "getPubKeyHash": "16dd4b4a8e2fbf1ad65567b5ec3b12b0b330a741b9"
                },
                {
                    "getPubKeyHash": "222dc4e52268be39b5bf8c975b"
                },
                {
                    "getPubKeyHash": "1dd496f6366dc512c88481af6feb19e811"
                },
                {
                    "getPubKeyHash": "13627216f7"
                },
                {
                    "getPubKeyHash": "5c0364c84b65207fc291878d630e15e9375829abf5e3866ef1"
                },
                {
                    "getPubKeyHash": "7877d63f789a3b752115b925c0a737daafca30ab"
                }
            ]
        },
        {
            "signers": [
                {
                    "getPubKeyHash": "7bd7f875ee26c39f134c647f21d2011e0c68cbedd738b8303390"
                },
                {
                    "getPubKeyHash": "ebaf04adab24ab68fd0063bd4e33ddfea7dea5018f6886be"
                },
                {
                    "getPubKeyHash": "db0657d11d676bd45de358ebec23"
                },
                {
                    "getPubKeyHash": "a389bfe0b6237a1c63f28610476a76ce877224e640dcd3d5b0996b"
                },
                {
                    "getPubKeyHash": "47"
                },
                {
                    "getPubKeyHash": "1fa00bbba0af01822313"
                },
                {
                    "getPubKeyHash": "b0cae395b345085f01c4b7"
                }
            ]
        },
        {
            "signers": [
                {
                    "getPubKeyHash": "20a267ea25"
                },
                {
                    "getPubKeyHash": "e28a76ea460caf1b5b9f779671b9b1a415c5b7311533261487b05c"
                },
                {
                    "getPubKeyHash": "50ba7b77f31e1c3a62da2aef3384f4a961d3cb51f65e956c30e2"
                },
                {
                    "getPubKeyHash": "fd0bd9a9bebc99e748e01ded97ece98557f481e2157161fa037340bb"
                },
                {
                    "getPubKeyHash": "a901a81cc4c8526ba7bb7361cc5cf68f00e0b779772aca95f00fd05f41f1"
                },
                {
                    "getPubKeyHash": "dc2b0e3f1873b08a79ec2ae1"
                },
                {
                    "getPubKeyHash": "e83b9d6fc793095cff82ddb3d110c303166e7d46"
                },
                {
                    "getPubKeyHash": "3277be"
                },
                {
                    "getPubKeyHash": "857e810fcb39d1e36a0f37a8"
                },
                {
                    "getPubKeyHash": "e34decad61a828cf8c28"
                },
                {
                    "getPubKeyHash": "23b4"
                },
                {
                    "getPubKeyHash": "a501a9e7e2acdaa73ce3ae2a95cbf87f385fe40d762bab7140"
                },
                {
                    "getPubKeyHash": "3de6e4bee946fc1e5b32"
                },
                {
                    "getPubKeyHash": "fa71eef5"
                },
                {
                    "getPubKeyHash": "16289f2e53eda012169ff57424db533b6d124c9ff4108a9047"
                },
                {
                    "getPubKeyHash": "10fadca56f3db30acd5c03a854732e22"
                },
                {
                    "getPubKeyHash": "788ef781f339c01f7d1f96a2bf"
                },
                {
                    "getPubKeyHash": "ea"
                },
                {
                    "getPubKeyHash": "81cebfde57785e4e"
                },
                {
                    "getPubKeyHash": "cf2213d44ebb6a605589da063007"
                },
                {
                    "getPubKeyHash": "90c0cfbdf9f6b4580e85465bf5d22f10f5138054b7"
                },
                {
                    "getPubKeyHash": "4c"
                },
                {
                    "getPubKeyHash": "57dd3129d00bb09815c01bcbeb23034dfa370bddadc0846f7832a25c"
                },
                {
                    "getPubKeyHash": "9b"
                },
                {
                    "getPubKeyHash": "2e316936aa"
                },
                {
                    "getPubKeyHash": "ec717366f289e616c3843577ff32e9e0d78a"
                }
            ]
        },
        {
            "signers": []
        },
        {
            "signers": [
                {
                    "getPubKeyHash": ""
                },
                {
                    "getPubKeyHash": "94ef25fc15c83a177a19f041"
                },
                {
                    "getPubKeyHash": "6b96298d0a2d8f37fc1606de3d4c"
                },
                {
                    "getPubKeyHash": "61525b6a5819"
                },
                {
                    "getPubKeyHash": "f4ed17f930e45ee8a5e5297e95b429e0292deefbf8"
                },
                {
                    "getPubKeyHash": "0ff4e1fb294ddeb647259b85403f3a7f9defcb547fa647785fba"
                },
                {
                    "getPubKeyHash": "138ddfe2ee3d94"
                },
                {
                    "getPubKeyHash": "cf"
                },
                {
                    "getPubKeyHash": "7441e634af587ef3721509251dc6f661a83475f8589358ce9d37"
                },
                {
                    "getPubKeyHash": "acc0e5449e4b6945"
                },
                {
                    "getPubKeyHash": "513097e2c4f52a6397caffd763169e"
                },
                {
                    "getPubKeyHash": "a10cdc9c23466d2db7bfd0aa12"
                },
                {
                    "getPubKeyHash": "e82a8464880a3826c580"
                },
                {
                    "getPubKeyHash": "cdedb92e20917da674e6d8"
                },
                {
                    "getPubKeyHash": "33a16f27444906a45d800f92b2c11f0e1dd369bd2540b5c328239f"
                },
                {
                    "getPubKeyHash": "bb867428daf9b2e2ebe78f692576"
                }
            ]
        },
        {
            "signers": [
                {
                    "getPubKeyHash": "a88beffd9d8c38854e2568a885b0090a4799"
                },
                {
                    "getPubKeyHash": "b5988514b1134d73e87c875b34d2fe4a6f44b50c979e7701e7"
                },
                {
                    "getPubKeyHash": "5ae712f3af9404"
                },
                {
                    "getPubKeyHash": "f341c645808364885e758d0402"
                },
                {
                    "getPubKeyHash": "0084a5996d3d0e104c115349c25bf27c95c69ab5"
                }
            ]
        },
        {
            "signers": [
                {
                    "getPubKeyHash": "618720a3fead0f1b41cbfb33c27a7bc9"
                },
                {
                    "getPubKeyHash": "a2e5b95007fa469f06448a7f6b333f656cb8bb"
                },
                {
                    "getPubKeyHash": "507546acb6446b130dd4beb649a4"
                },
                {
                    "getPubKeyHash": "dc689808"
                }
            ]
        },
        {
            "signers": [
                {
                    "getPubKeyHash": "93e42c88fac92c5eeec205500907fc0c41b93415b1979c7e24a8917a73"
                },
                {
                    "getPubKeyHash": "b020cb01f4173cbb58513b54d3231633fd4e8f1aa2"
                },
                {
                    "getPubKeyHash": "8d88e5"
                },
                {
                    "getPubKeyHash": "ecfcb275cff316241d71f0cc375331e5e03b0570059d"
                },
                {
                    "getPubKeyHash": "327b23159f432266231c05dcec2965"
                },
                {
                    "getPubKeyHash": "c9e157c5c6686afd365ce18bcc9cf0bebe8c5186020b3af6c0f490396e"
                },
                {
                    "getPubKeyHash": "b8b44d54ccfe0c0668e2"
                },
                {
                    "getPubKeyHash": "b79d4cc2e88f3ccbcd094b99f0a7"
                },
                {
                    "getPubKeyHash": "376b5b"
                },
                {
                    "getPubKeyHash": "f1c79e63e38fdd2d08f3d9d198e9fff0a71a3f1d48e2"
                },
                {
                    "getPubKeyHash": "1851fb7e738c45b96494b748"
                },
                {
                    "getPubKeyHash": "ad3708914b2cab0c16059099e4eeeef12afe4e00"
                },
                {
                    "getPubKeyHash": "8daff47d7fce57"
                },
                {
                    "getPubKeyHash": "5546bb37c0ae4bb4275701cb606802a2637637"
                },
                {
                    "getPubKeyHash": "f04969fc34"
                }
            ]
        },
        {
            "signers": [
                {
                    "getPubKeyHash": "e8316957e9129a06661774cc72673a1d1e5605996349a324ca"
                },
                {
                    "getPubKeyHash": "a55cf7dba8"
                },
                {
                    "getPubKeyHash": "03825e66588e11dc0ae3fe2311"
                },
                {
                    "getPubKeyHash": "591d897b66e18f1bca9ee7"
                },
                {
                    "getPubKeyHash": "88"
                },
                {
                    "getPubKeyHash": "f4303037f4178dd4f3d1a1440a4d1de58f7ab0cbe4d254c9d4739876"
                },
                {
                    "getPubKeyHash": "02dacfb05dfde26d3b9b3f4362"
                },
                {
                    "getPubKeyHash": "e624a78c2f"
                }
            ]
        },
        {
            "signers": [
                {
                    "getPubKeyHash": "561646"
                },
                {
                    "getPubKeyHash": "f313c49ea7"
                },
                {
                    "getPubKeyHash": "4afb8c8864b540f23ab272fb4bd6eb"
                },
                {
                    "getPubKeyHash": "1a32ea9ed8298a3d5a38a326690160e70c5b821a21fcd025"
                },
                {
                    "getPubKeyHash": "916bfa6e576e8c496482e58b000d7ff7614d5a3cbf67b9772ab825"
                }
            ]
        },
        {
            "signers": [
                {
                    "getPubKeyHash": "b628d9585d989ef6df"
                },
                {
                    "getPubKeyHash": "9ea2678a5e102471995e0c6c464e41"
                },
                {
                    "getPubKeyHash": "726d66bd2f4789b8b4ff"
                },
                {
                    "getPubKeyHash": "c759b6707917c2098bfbfcfb4727f10c329485a34f7f1c677cc837205bf8"
                },
                {
                    "getPubKeyHash": "9c98267e2205f21943622ace2da4d33627089788a663"
                },
                {
                    "getPubKeyHash": "eca4df0f80ea485c5b0655a269f3"
                },
                {
                    "getPubKeyHash": "3c43b753da"
                }
            ]
        },
        {
            "signers": [
                {
                    "getPubKeyHash": "facecb6cba07e32faa21c087eed11e8bdf9b9ede"
                },
                {
                    "getPubKeyHash": "ed462cca583120289035888dff59"
                },
                {
                    "getPubKeyHash": "7b198e800e6d045dfeb14492c64981f2ab18"
                },
                {
                    "getPubKeyHash": "542ed4"
                },
                {
                    "getPubKeyHash": "b70c5c3582f425a4e3c0093f34f12f2d5462baaf2573d0d720798a2d3331"
                },
                {
                    "getPubKeyHash": "7bfc34"
                },
                {
                    "getPubKeyHash": "294d75c59131da3d6652"
                },
                {
                    "getPubKeyHash": "290ed8"
                },
                {
                    "getPubKeyHash": "e37a64dad4e5f065a2f84a3aa03c49"
                },
                {
                    "getPubKeyHash": "24e81b2e76768626"
                },
                {
                    "getPubKeyHash": "b3449b3005"
                },
                {
                    "getPubKeyHash": "269822ea8ceff6155bc2939bfc4b24f8859de337523cef4f"
                },
                {
                    "getPubKeyHash": ""
                },
                {
                    "getPubKeyHash": "0d56325ce37ceeaae19ed6"
                },
                {
                    "getPubKeyHash": "ab01d276634f734e7330aba8334f00181e2d13180f87c6"
                },
                {
                    "getPubKeyHash": "59288283aa370026de74c710f4cecf3d554b30c40d27815e034924b0"
                },
                {
                    "getPubKeyHash": "e165e40aded466284219a4fbb5db01e9bc3a5fb2f0afd3"
                },
                {
                    "getPubKeyHash": "5e4aa3a9c7f7a9e5c45a337878ae6b7c93c6c1"
                },
                {
                    "getPubKeyHash": "7a8db38ba73a3c2f55fed4d4872c6f8cb90475"
                }
            ]
        },
        {
            "signers": [
                {
                    "getPubKeyHash": "f16552a27d99d884c5b4e62b99d62e1b72b32607d4da68b126"
                },
                {
                    "getPubKeyHash": "16"
                },
                {
                    "getPubKeyHash": "09bb77b9af6b4740d08b7c"
                },
                {
                    "getPubKeyHash": "4d4857e3398aef5bed252423"
                },
                {
                    "getPubKeyHash": "fcd897507f33532bddd993b245cf5ca116ba61be2501ea30180a1a656e27"
                },
                {
                    "getPubKeyHash": "7a2f"
                },
                {
                    "getPubKeyHash": "c4cd322d1e861ca91c4fe23ba255c2"
                },
                {
                    "getPubKeyHash": "76993fc139"
                },
                {
                    "getPubKeyHash": "59e4de210f5d8a8602b47532d3b03b4c87"
                },
                {
                    "getPubKeyHash": "0b709700ead0372f575927bed659583ea2c209bad14b3678a56f95daed"
                },
                {
                    "getPubKeyHash": "c7121346efb875"
                },
                {
                    "getPubKeyHash": "682ea44415676ea6a04c2d58a7e421f84c8ddbf78779368143e825d5e7"
                },
                {
                    "getPubKeyHash": "b797809c94a8"
                },
                {
                    "getPubKeyHash": "9376585690a5e1ca8a86a51fc50e47170f094f9366434ce53e9ae4"
                },
                {
                    "getPubKeyHash": "33410f7d3bc0823967de8f8f7c3f171a8bb71bc4a0f5eb2eab1cd18c"
                },
                {
                    "getPubKeyHash": "c1ecbcd6428bad99ea62029e64"
                },
                {
                    "getPubKeyHash": "8a17f537545e48cfe059c26aa1fdf30b1a9d749b451115aec01468"
                },
                {
                    "getPubKeyHash": "5dee1a56"
                },
                {
                    "getPubKeyHash": "cd5eea41d70c661aeb2a4367d5f6936b12223c5ad8f63ef2"
                },
                {
                    "getPubKeyHash": "872c50bbe4b37c8e7b0735e3"
                },
                {
                    "getPubKeyHash": "8c938c15c194c871ceb4cfc4001a09755090166f1b8645873356812085"
                },
                {
                    "getPubKeyHash": "29"
                },
                {
                    "getPubKeyHash": "6be4179ee1e59be9c62b0ceec96edbe2e571e1"
                },
                {
                    "getPubKeyHash": "caab1f0f39959a4663a9ba2064bad1ed2b70f885902233d3e0"
                },
                {
                    "getPubKeyHash": "926b"
                },
                {
                    "getPubKeyHash": "74a7df2b45e8854c7d9e23317dc568dbdca26a"
                },
                {
                    "getPubKeyHash": "a346aa91b4b3a887562c10ec6b00ecff"
                },
                {
                    "getPubKeyHash": "8e20e496b68d538b5035c762787811"
                }
            ]
        },
        {
            "signers": [
                {
                    "getPubKeyHash": "04f0508d5057eb9985d691b70e2180a4c360845a4871e05816ffad"
                },
                {
                    "getPubKeyHash": "624035609d01a28d9c548949fa853c7a0150753f2ef7f724aa591d3775"
                },
                {
                    "getPubKeyHash": "09be"
                },
                {
                    "getPubKeyHash": "5a790eef13dfcacfc06ed9171ced87b8c4f0df5a522cb9e2aa2b77fe6c"
                },
                {
                    "getPubKeyHash": "473edd2a8e84ea51d9694389cadb32b8"
                },
                {
                    "getPubKeyHash": "397565efa00c6db9ec7b66e5cea3ddac"
                },
                {
                    "getPubKeyHash": "4a74b33f7710a8ffd8c3d1b10c43dbc3f37f81c6"
                },
                {
                    "getPubKeyHash": "ea242e8ab16b42aeab53abe39a6e4011f5407b84"
                },
                {
                    "getPubKeyHash": "1cd35e91c0bb727c39c99a514ea38aedfa877034aca3a06950"
                },
                {
                    "getPubKeyHash": "1de0"
                },
                {
                    "getPubKeyHash": "83fb1ba88463"
                },
                {
                    "getPubKeyHash": "e7"
                },
                {
                    "getPubKeyHash": "594c4681486ef8e664"
                },
                {
                    "getPubKeyHash": "77427523b96190de3407feab1bf0ab777209"
                },
                {
                    "getPubKeyHash": "3ce658540ab27142231b14228b7c3bceeb"
                },
                {
                    "getPubKeyHash": "ee192e6acb139c8a73db3155f5bcb979c4ab0cbc48aa28d9c0db"
                },
                {
                    "getPubKeyHash": "ee81cb6609ca951e59dc64db507d83c170241a"
                },
                {
                    "getPubKeyHash": "b0f7b0464a3061e4e69eefcbf28860c8861c99046f"
                },
                {
                    "getPubKeyHash": "310d784e6834083a"
                },
                {
                    "getPubKeyHash": ""
                },
                {
                    "getPubKeyHash": "24495f2e375797e57fb4ea04bd0cc421300f"
                },
                {
                    "getPubKeyHash": "f622121b08c652c6e8b61987597c8f60a8ed3ec8327ffd"
                },
                {
                    "getPubKeyHash": "09e932d4d04a5829c90ace3b"
                },
                {
                    "getPubKeyHash": "2d26d1e601c995f9"
                }
            ]
        },
        {
            "signers": [
                {
                    "getPubKeyHash": "f6ee8b8e0fc73d7903f780"
                },
                {
                    "getPubKeyHash": "47c9d313e36599c318ce1e64e5"
                },
                {
                    "getPubKeyHash": "7edd478ada8865"
                },
                {
                    "getPubKeyHash": "d4fb1f9d3d584df8d48a3a7cc2190077"
                },
                {
                    "getPubKeyHash": ""
                },
                {
                    "getPubKeyHash": "55fecb3808e1951aaf5c7b32"
                },
                {
                    "getPubKeyHash": "92a45035805343"
                },
                {
                    "getPubKeyHash": ""
                },
                {
                    "getPubKeyHash": "20acbbabbb5099007b688ee7"
                },
                {
                    "getPubKeyHash": "eaecab0042f93a16f990f8"
                },
                {
                    "getPubKeyHash": ""
                },
                {
                    "getPubKeyHash": "5c77a89b8d8d70"
                },
                {
                    "getPubKeyHash": "7c3e8e596226c50c"
                },
                {
                    "getPubKeyHash": "151ced603dc25192455f0645854a611424e97c8ebc5645ba8970"
                },
                {
                    "getPubKeyHash": "a25bf4939b0a976fdb6bfc1e1c1e157acd7f7c5a3c679c26d96007"
                },
                {
                    "getPubKeyHash": "27d532"
                },
                {
                    "getPubKeyHash": "c1a5ba92f483fd8372b34ddeb3f15a755f3d8ee5d3"
                },
                {
                    "getPubKeyHash": "9a39cc9e7149059f308f7086156f4248c72b7925badd"
                },
                {
                    "getPubKeyHash": "d9"
                },
                {
                    "getPubKeyHash": "5ad3a791db181dd7162863d14176fccc4c9dacd2d1"
                },
                {
                    "getPubKeyHash": "213d3c0f1d"
                },
                {
                    "getPubKeyHash": "31f56fc8f6d4f07029b6f90cf33de33e"
                },
                {
                    "getPubKeyHash": "bdad351067bc65172248f5772b2688f507a83547535672ef4443278d"
                },
                {
                    "getPubKeyHash": "ace93b1b"
                },
                {
                    "getPubKeyHash": "b592d9056e5060"
                },
                {
                    "getPubKeyHash": "ad578e942bde3843c8620e30a29ca03867a31557cf"
                },
                {
                    "getPubKeyHash": "eb279aed6e"
                },
                {
                    "getPubKeyHash": "a41f089aebae71fd"
                },
                {
                    "getPubKeyHash": "f7c97f2deed275815fff37f2c34bfb21e36cd4111967ad43bc"
                },
                {
                    "getPubKeyHash": "38d8"
                }
            ]
        }
    ]
}