{
    "seed": 123456,
    "data": [
        {
            "data": [
                {
                    "data": [
                        {
                            "data": "\"\\\"\\DC1\"",
                            "tag": "B"
                        },
                        {
                            "data": "\"K\\134@Z\\247\\207\\SI\\210\\182;\\SUB\\193~t5)\\248ND\\154\\RS*\\169T<W\\180\"",
                            "tag": "B"
                        },
                        {
                            "data": "\"&X\"",
                            "tag": "B"
                        },
                        {
                            "data": "\"~&\\201\\248*\\169\\216 \\168\\NUL\\249X\\212\\248_\\DLE(f\\SOH\\249\\162\\&5\\166T\\149ohr\\152\"",
                            "tag": "B"
                        },
                        {
                            "data": "\"A\\237\\220\\172\\239\\149\\180\\GS\"",
                            "tag": "B"
                        },
                        {
                            "data": "\"~\\128\\162?A\\201-\\188\\152OE\\240\\EOT\\209\"",
                            "tag": "B"
                        },
                        {
                            "data": "\"\\144\\SOH\\251-\\191\\250k\\v\\244\"",
                            "tag": "B"
                        },
                        {
                            "data": "\"l\\162oR\\162A\\DC3\\179\\223Rd5W=\\226^\\133\"",
                            "tag": "B"
                        },
                        {
                            "data": "\"v\\SIP!\\223\\204\\165\\184<\\NUL\\EOTFbO*\"",
                            "tag": "B"
                        },
                        {
                            "data": "\"\\183I\\242\\219\\236\\SOH$!\\191\\158\\171\\234p6\\151s\\236\\198\\236\\243d&`\"",
                            "tag": "B"
                        },
                        {
                            "data": "\"\\250\\196\\250:[\\166\\SUB\"",
                            "tag": "B"
                        },
                        {
                            "data": "\"\\252U\\133\\SIi\\196\\240\\vG\\137\"",
                            "tag": "B"
                        },
                        {
                            "data": "\"}\\210$\\SI;\\195z\\196\\140\\172\\\"^\\240\"",
                            "tag": "B"
                        },
                        {
                            "data": "\"\\182\\187\\v\\167z\\DEL\"",
                            "tag": "B"
                        },
                        {
                            "data": "\"G\\248\\&1\\164\\134Q3\\201\\140\\&6\\215D5\"",
                            "tag": "B"
                        },
                        {
                            "data": "\"6\\166\\199\"",
                            "tag": "B"
                        },
                        {
                            "data": "\"9\\216\\ETXD=\\180\"",
                            "tag": "B"
                        },
                        {
                            "data": "\"\\223Y6m\\NUL\\203\\STX\\150\\168:V\\210\\&8\\167N\"",
                            "tag": "B"
                        }
                    ],
                    "tag": "List"
                }
            ],
            "index": 1,
            "tag": "Constr"
        },
        {
            "data": [],
            "index": 0,
            "tag": "Constr"
        },
        {
            "data": [],
            "index": 0,
            "tag": "Constr"
        },
        {
            "data": [
                {
                    "data": [
                        {
                            "data": "\"b\\197\\183\\195\\227\\240t\\243N\\224\"",
                            "tag": "B"
                        },
                        {
                            "data": "\"\\160\\131\\232\\171\\n\\153)\\227\\&1\\220u\\203\"",
                            "tag": "B"
                        },
                        {
                            "data": "\"\\245\\247Nf\\183d\\224\\242y\\211.Qv'\\252\\251\\171\\f\\NAK\\FS\"",
                            "tag": "B"
                        },
                        {
                            "data": "\"\\211\\&4p\\137\\ACK?A$\\206/\"",
                            "tag": "B"
                        },
                        {
                            "data": "\"\\180\\DEL\\DEL\\145\"",
                            "tag": "B"
                        },
                        {
                            "data": "\"\\240k\\NULg\\254\\173\\234\\v\\248Nj\\235\\228\"",
                            "tag": "B"
                        },
                        {
                            "data": "\"\"",
                            "tag": "B"
                        },
                        {
                            "data": "\"\\137\"",
                            "tag": "B"
                        },
                        {
                            "data": "\"\\222\\145\\203\\DC1\\213\\&6Fs\\163\"",
                            "tag": "B"
                        },
                        {
                            "data": "\"M6\\232\\187\\129\\131\\171$a&5\\248\\174tZ\\225\\EOTCJ\\190\\151\"",
                            "tag": "B"
                        },
                        {
                            "data": "\"\\137\\128\\249@\\221\\199w%\\188\"",
                            "tag": "B"
                        },
                        {
                            "data": "\"D\\128\\250\\ETX\\180\\145Pm\\FS\\tg\"",
                            "tag": "B"
                        },
                        {
                            "data": "\"E\\SYN\\SYN\\153,\\245d\\245\\135\\144f\\144\\130\\198~\\197\\DLE\\215\\204\\137\\225aQ\\197\\ENQ\\161n\\r\"",
                            "tag": "B"
                        },
                        {
                            "data": "\"\\180\\NUL\\SO\\DC4aw\\252\\158\\183\\145\\242\\246\\231\\253=\\244\\222]\\DC4Z\"",
                            "tag": "B"
                        },
                        {
                            "data": "\"F\\153\\255\\191\\137\\222'l\\150CbTey\\160\\GSP\\194\\219\\235-\"",
                            "tag": "B"
                        },
                        {
                            "data": "\"\\237\\184\\219\\nG\\142\\153D\"",
                            "tag": "B"
                        },
                        {
                            "data": "\"4\\169\\&2wz(\\215\\&3@\\239\\248\\168\\155\\162\\143\\184\\FS6\\213\\250\\231G\"",
                            "tag": "B"
                        },
                        {
                            "data": "\"f\\133V\\206\\173+o2\\162\\&0 \\157g\\250\\235A<\\221\\226\\246\\241\"",
                            "tag": "B"
                        },
                        {
                            "data": "\"h6\\158\\128\\147'\\178\\177\\243\\FS\\191\\228\\182}{-,;\\138\\EOT0\\134\"",
                            "tag": "B"
                        },
                        {
                            "data": "\"\\235\\b\\243\\197U\\245Cv\\224,!\\212\\132\\253\\DC4\\\"3\\223\\225R\"",
                            "tag": "B"
                        },
                        {
                            "data": "\"q\\190V*\\179\\t\\242mV\\GS \\195\\243\\\"MM\\ETX\\138\\ACK\\246\\246B\\165)t8\\159\"",
                            "tag": "B"
                        },
                        {
                            "data": "\"\"",
                            "tag": "B"
                        },
                        {
                            "data": "\"\\134r!\\237\\NUL\\196\\170\\UST\\241pw\\139\\183\\242P\\170\\199$\\240\\168o6~@\\EOT\\135j\"",
                            "tag": "B"
                        },
                        {
                            "data": "\"\\247-\\172\\183\\188(x1c\\177\\219\"",
                            "tag": "B"
                        },
                        {
                            "data": "\"\"",
                            "tag": "B"
                        },
                        {
                            "data": "\"1\\228&^\\128\\134\\156G~~\\231\\200\\248,\\244Q\\254y\"",
                            "tag": "B"
                        },
                        {
                            "data": "\"\\NULj\\DLESg\\EOTz\\220\\143\\160\\&7LG\\136\\209CuzP!\\ACK\\GSb5\\242\\208\\171VP\"",
                            "tag": "B"
                        },
                        {
                            "data": "\"\\156\\128Qi\\r\\180\\SO\\vh\\228\\237)\\153I\\167Kx>/p\\163\\177wS\"",
                            "tag": "B"
                        }
                    ],
                    "tag": "List"
                }
            ],
            "index": 1,
            "tag": "Constr"
        },
        {
            "data": [
                {
                    "data": [
                        {
                            "data": "\"6p\\147*\\173\"",
                            "tag": "B"
                        },
                        {
                            "data": "\"\\149&%.\\DC3\\129||\\210\\DC2\\222M\\198G\\175~x\\189KC\\200\\192\\195\\150E\\210\"",
                            "tag": "B"
                        },
                        {
                            "data": "\"\\aV\\221&\\STX%5\\DC4\\NAK\\SOHHMP\"",
                            "tag": "B"
                        },
                        {
                            "data": "\"\\ENQ>[\\209\\184R\\\"7\"",
                            "tag": "B"
                        },
                        {
                            "data": "\"\\197\\227\\139Z\\n\\218\\143+\\242#\"",
                            "tag": "B"
                        }
                    ],
                    "tag": "List"
                }
            ],
            "index": 1,
            "tag": "Constr"
        },
        {
            "data": [],
            "index": 0,
            "tag": "Constr"
        },
        {
            "data": [
                {
                    "data": [
                        {
                            "data": "\"\\140\\133\\165)/>\\167x\\184\\186\\129j\\a\\197\\SOH.\\234\\255\\209\\SUB~\\152\\224\\158\\SI`H\\NUL\"",
                            "tag": "B"
                        },
                        {
                            "data": "\"$R\\197e\\131\\227\\&3\\155X\\DEL1\\250k\\DC2\\156\\205T\\184\\DLE\"",
                            "tag": "B"
                        },
                        {
                            "data": "\"\\224\\166^\\137]\\170%9&\\138?\"",
                            "tag": "B"
                        },
                        {
                            "data": "\"\\NAK\\SOH\\132\\ETX>\\SO\\238W\\230\\151d^\\169\\&9h\\197\\177\\238n&\"",
                            "tag": "B"
                        },
                        {
                            "data": "\"\\138&X\\131\\\\'\"",
                            "tag": "B"
                        },
                        {
                            "data": "\"M-\\213\\&1\\153\\228\\210\\207b\\153\\149\\197\\STX_0\\\\\\204g&3\\187.\\149\\132?\\178JZ\"",
                            "tag": "B"
                        },
                        {
                            "data": "\"\\200\\193\\&4F\\ENQ?\"",
                            "tag": "B"
                        },
                        {
                            "data": "\"r{a\\254\\&6\\229\\255\\157*\\224\\151\\228\\v^\\250r\\252\\US\\DC3\\216\\US\\223\"",
                            "tag": "B"
                        },
                        {
                            "data": "\"Q\\DC2c\\249Z\\227=B\\238\\244\\218\\&5\\b\\249p/4\"",
                            "tag": "B"
                        },
                        {
                            "data": "\"_\\175\\214S\\161\\EOT\\160\\&1\\179\\146\\220\\n\\128O\\bH\\242\\163J6\\238\\RSfj>\\147/\\151\"",
                            "tag": "B"
                        },
                        {
                            "data": "\"\\214E\\r\\192g\\ENQ\"",
                            "tag": "B"
                        },
                        {
                            "data": "\"\\DLE\\250&\\SI\\163\\144\\239\\DEL\\136}wq\\141\\EM%\\173\\aQ*\\174\\EMS\\SOH\\139\"",
                            "tag": "B"
                        },
                        {
                            "data": "\"\\224$\\ACK\\148\\154y\\243w\\132\\246\\191p\\169\\206Z\"",
                            "tag": "B"
                        },
                        {
                            "data": "\"\\222\\185\\167\\232\\&7\\157\\US\\226!\\224\\175&\\128\\SO\\220\\144\\USh:\\195\\139\\236\"",
                            "tag": "B"
                        },
                        {
                            "data": "\";>Z\\f\\157;l\\251\\r\\128P\\DC1\\DC2\\205\"",
                            "tag": "B"
                        },
                        {
                            "data": "\"\\131y\\212\\197K\\143y\\210\\153\"",
                            "tag": "B"
                        }
                    ],
                    "tag": "List"
                }
            ],
            "index": 1,
            "tag": "Constr"
        },
        {
            "data": [],
            "index": 0,
            "tag": "Constr"
        },
        {
            "data": [],
            "index": 0,
            "tag": "Constr"
        },
        {
            "data": [
                {
                    "data": [
                        {
                            "data": "\"\\160;\\214\\244\\250g6v&@a#\"",
                            "tag": "B"
                        },
                        {
                            "data": "\"\\201b\\203*\\163+\\\"\\222x\\238\\223\\SOb\\249\\ETBa\\221\\NULYDA\\186\\EOT\\185k\"",
                            "tag": "B"
                        },
                        {
                            "data": "\"_\"",
                            "tag": "B"
                        },
                        {
                            "data": "\"\\136K\\252_\\235\\&9\\248:\\253\\&6\\217nY\\170u\\129\\&8ne\\GSH~\\191d\"",
                            "tag": "B"
                        },
                        {
                            "data": "\"\\169\\192J\\221\\254\\175\\f\\154\\194-L07B\\SYN\"",
                            "tag": "B"
                        },
                        {
                            "data": "\"\\235y\\146\\196V\\199\\\\\\r_\\a\\160\"",
                            "tag": "B"
                        },
                        {
                            "data": "\"v\\130\\254\\241\\195\\244N`\\FS\\216\\150 \\214\\186\\175\"",
                            "tag": "B"
                        },
                        {
                            "data": "\"\\225\\220R\\177\\134U\\162o0,\\187!\\DC21\"",
                            "tag": "B"
                        },
                        {
                            "data": "\"\\145\\190\\171\\233!.\"",
                            "tag": "B"
                        },
                        {
                            "data": "\"a\\180\\192\\178\\GS\\230\\t\\229\\226L>\\133\\v\\181\\166\\130u\\RS\\144Vt\"",
                            "tag": "B"
                        },
                        {
                            "data": "\"\\128{\\224:}\\205\\224l\\v\\r\\148n\\185\\&4d\\250\\207\\221\\207c\\213\\176oF\"",
                            "tag": "B"
                        },
                        {
                            "data": "\"\\ENQf\\DC4\\172\\194\\236q~\\204\\216\\215t\\129b\\136?N6\"",
                            "tag": "B"
                        },
                        {
                            "data": "\"U\\147\\150fX\\233\\175l\\236s\\160\\144bE\\230\\ETB`\\US\\134\\143\\SUB\"",
                            "tag": "B"
                        },
                        {
                            "data": "\"\\240\\211B\\222\"",
                            "tag": "B"
                        },
                        {
                            "data": "\"\\253pB \\241\\212\\192#\\228!\\180P\\253\\DC1\\225\\150\\145j>\\183\"",
                            "tag": "B"
                        },
                        {
                            "data": "\"H\"",
                            "tag": "B"
                        },
                        {
                            "data": "\"\\232\\165;\\162TN\\203\\164\\154z\\187\\218L|\\DLE\\177\\208\\174\"",
                            "tag": "B"
                        },
                        {
                            "data": "\"\\162]\\129s\\208\\141:\\GS\\191\\195\\220\\213&G\\EM\\233a\\151\\174i\\212\"",
                            "tag": "B"
                        },
                        {
                            "data": "\"j\\ETX}\\\"6;{\\252B\\230\\250\\196\\226\\243\\179\\DC4\\175\\\"S`\\239\\139\\162g'\"",
                            "tag": "B"
                        },
                        {
                            "data": "\"b\\193a\\242\\133H.\\200\\130~\\NUL\\237\\220\\148`\\153j\\175|\\159\\EM\"",
                            "tag": "B"
                        },
                        {
                            "data": "\"\\153\\207\\205\\148\\178\\147\\221\\144\\139!\\225y\\219\"",
                            "tag": "B"
                        },
                        {
                            "data": "\"\\162A\\232\\ETB\\204U\\192\\DC4\\184j\\203\\232\"",
                            "tag": "B"
                        },
                        {
                            "data": "\"JH\\v\\143xhC\\190\\f\\243\\168\"",
                            "tag": "B"
                        },
                        {
                            "data": "\"Z4\\225_&e\\144\\DC1\\241\\DC2\\206w\\169\\DEL\\139\\180]\\225Ma\\166d(k<S\\132^\"",
                            "tag": "B"
                        },
                        {
                            "data": "\"\\140\\254\\DC2\\234=\"",
                            "tag": "B"
                        },
                        {
                            "data": "\"\\GS*=\\142b@\\246\\&7\\r\"",
                            "tag": "B"
                        },
                        {
                            "data": "\"M\\139\\180QoL\\180\\207\\221>\\183\"",
                            "tag": "B"
                        },
                        {
                            "data": "\"\\DC4T\\f\\208\\SYNX\\231\\251\\143\\164\\215\\138\"",
                            "tag": "B"
                        }
                    ],
                    "tag": "List"
                }
            ],
            "index": 1,
            "tag": "Constr"
        },
        {
            "data": [
                {
                    "data": [
                        {
                            "data": "\"u\\138\\175\\184\\233\\207\\243\\240|\\190\\230\\140\\138N\\NUL\\141k\\ETX\\161\\&2\\184\\146\\&3y\\194\"",
                            "tag": "B"
                        },
                        {
                            "data": "\"\\166\\157R,\\153\\&8i\\208\\240$\\138\\248\\184\\240\\n`eE\\144?y<\"",
                            "tag": "B"
                        },
                        {
                            "data": "\"\\NAK\\250\\167\\150\\167M\\147\\129!\\254 ^y\\188\"",
                            "tag": "B"
                        },
                        {
                            "data": "\"\\176B?+)\\165\\155\\ETB\\238\\223\\188V&#bA\\190\\177W@0=\"",
                            "tag": "B"
                        },
                        {
                            "data": "\"\\DC3\\212\\&7.\\a)\\CAN\\223\\164\\RS|\\161\\191\\134\\215\\EOTV=P$je]\\DC2)\"",
                            "tag": "B"
                        },
                        {
                            "data": "\"\\213\\186\\t\\ESC\\NAKP\\226\\136\\b\\229\\142\\206\\255\\ETXh\\ACK\\253Wu_\"",
                            "tag": "B"
                        },
                        {
                            "data": "\"\\208\\247h\\t\\211*\"",
                            "tag": "B"
                        },
                        {
                            "data": "\"\\173\\DC1\\157Y~W\\217~\"",
                            "tag": "B"
                        },
                        {
                            "data": "\"M\\223\\237\\177\\&2\\202\\&9\\211\\f\\211\"",
                            "tag": "B"
                        },
                        {
                            "data": "\"[z&\\165w\\155\\151\\165u*Y\\165PO{\\140\\147@\\236\\183R\\130.\\158\\212\"",
                            "tag": "B"
                        },
                        {
                            "data": "\"\\253vN\\228p\\ag{\\199\\136W\\224\\133\\129/\"",
                            "tag": "B"
                        },
                        {
                            "data": "\"\\229W:\\ve\\240A\\219\\NUL!\\194+\\239\\248\\SUB\"",
                            "tag": "B"
                        },
                        {
                            "data": "\"\"",
                            "tag": "B"
                        },
                        {
                            "data": "\"\\172G\\216\\132\\221\\FS\\219\\248\\DC1\\137\\191\\248\\183\\158\\247\"",
                            "tag": "B"
                        },
                        {
                            "data": "\"?\\f\\195\\174\\&4f\\\"mQ\\250*nDH\\193\\214\\&0\\237\\167\\140;\\144i!\"",
                            "tag": "B"
                        },
                        {
                            "data": "\".\\249\\131\\154\\231\\254\\131\\172\\ACKd\"",
                            "tag": "B"
                        },
                        {
                            "data": "\",\\244N\\235W*\\199\\SYN\\142\\203\\ETB\"",
                            "tag": "B"
                        },
                        {
                            "data": "\"\\188\\131\\253k\\148\\145\\237\\221\\221\\192\\146\\232\\164\\218/oHE\\CAN>\\f\\241z\"",
                            "tag": "B"
                        },
                        {
                            "data": "\"t\\188\\NULA\\\\{15\\157\\199\\162\\159T\\ESC\\135\\CAN\\220Q\\v\\186\\211R.\\205\\188\\223\\207\"",
                            "tag": "B"
                        },
                        {
                            "data": "\"\\138\"",
                            "tag": "B"
                        },
                        {
                            "data": "\"\\229\\176\\185\\145\\155\\CAN@%\\136j>\\185U~e\\SI\"",
                            "tag": "B"
                        },
                        {
                            "data": "\"\\180\\241\\b\\244\\164 ^\\GS0s\\191\\a\\153\\STX\\196\\211\\154y\\220\\247\\&4\\244\\CAN\\235\"",
                            "tag": "B"
                        },
                        {
                            "data": "\"[\\f\\242\"",
                            "tag": "B"
                        },
                        {
                            "data": "\"\\140\\a\\174\\174E\\178\\162\\DC2X6\\139PO\\ENQ\\223\"",
                            "tag": "B"
                        },
                        {
                            "data": "\"\\150\\n\\247\\171\\149]\\242\\238U\\245RObDc\\158\\155u\\NAKBCV\\208\\209\\\\\\177U\"",
                            "tag": "B"
                        },
                        {
                            "data": "\"Y\\216\\190\\144,(\"",
                            "tag": "B"
                        },
                        {
                            "data": "\"\\203\\172\\197I\\163\\159\\225\\DLE\\EOT\"",
                            "tag": "B"
                        },
                        {
                            "data": "\"\\138\\236\\197\\133\"",
                            "tag": "B"
                        }
                    ],
                    "tag": "List"
                }
            ],
            "index": 1,
            "tag": "Constr"
        },
        {
            "data": [],
            "index": 0,
            "tag": "Constr"
        },
        {
            "data": [
                {
                    "data": [
                        {
                            "data": "\"\\213t\"",
                            "tag": "B"
                        },
                        {
                            "data": "\"d\\215\\NAKY\\228\\215\\223q\"",
                            "tag": "B"
                        },
                        {
                            "data": "\"\\218g\\156\\176\\&4\\128gc\\223\\180\\DC3\\227\\230\\ETBe\\184\\FS3'\\EOT\"",
                            "tag": "B"
                        },
                        {
                            "data": "\"\\246\\128f\"",
                            "tag": "B"
                        },
                        {
                            "data": "\"i\\144\\r]i\\NAK\\SIC\\157\\180u\\231_QZ\\206\\SO+y\\202\\236\\251\\RS\\223\\189\\155\\218\\GS\"",
                            "tag": "B"
                        },
                        {
                            "data": "\"\\\"R\\201\\203\\128t\\145/\\SI\\212\"",
                            "tag": "B"
                        },
                        {
                            "data": "\"\\215Up\\184\\DC1\\211\\159\\200\\245`\\233\"",
                            "tag": "B"
                        },
                        {
                            "data": "\"\\NAK\\166\\129\\ACK\\205\\142&\\STX\\195Z\\f^:uo\\197?\\236\\ACK:\\208\\SUB\\155\\228J\\205_\\DC4\\207\"",
                            "tag": "B"
                        },
                        {
                            "data": "\"\\138Q\\DC3\"",
                            "tag": "B"
                        },
                        {
                            "data": "\"\\211\"",
                            "tag": "B"
                        },
                        {
                            "data": "\"\\ETBXaN\\233\"",
                            "tag": "B"
                        },
                        {
                            "data": "\"\\ETB(\\199\\n\\177}x\\ENQ\\ESC\\218\\rZf\\EOTe\\215\\171\\178)\\DC1\\153\\250\\146\\&3P\\212\\&8\\144\\236T\"",
                            "tag": "B"
                        },
                        {
                            "data": "\"\\137Ow\\252\\230|\\208\\245\\227\\185\\\"\\205\\EM\\DC4\"",
                            "tag": "B"
                        },
                        {
                            "data": "\"P\\214w\\231\\209\\CAN\\130)\\\"t\\147`\\fK:4\"",
                            "tag": "B"
                        },
                        {
                            "data": "\"\\186\"",
                            "tag": "B"
                        },
                        {
                            "data": "\"\\184\\ENQ\\ETX\\166\\SOHQXn\\EMd\\131\\222\\160\\181\\207\"",
                            "tag": "B"
                        },
                        {
                            "data": "\"*\\166bP\\132\\247K\\ENQ\\EM\\162;2Z\\248\\EOT>\\150\"",
                            "tag": "B"
                        },
                        {
                            "data": "\"\\158$n\\150\\249\\ENQ\\243\\164\\159T\\166\\214\\171\\232\\153N\\178\\197\\177R\\US\\178\\ACK\\150\\ACKM\\207\\170\"",
                            "tag": "B"
                        },
                        {
                            "data": "\"\\146\\218\\174\\a\\157{\\DC1\\247\\240\\215\\153\\171\\n\\247?\\240Q\\138\\177\\188\\147\\STXH\\t#F\"",
                            "tag": "B"
                        },
                        {
                            "data": "\"\\163\\ETBG3N}OH\\164\\231\\131\\141\\153\\162\\175\\nK\\156\\197\\&4Z\\245\\230\\&2 \\181\\176\\&1\"",
                            "tag": "B"
                        }
                    ],
                    "tag": "List"
                }
            ],
            "index": 1,
            "tag": "Constr"
        },
        {
            "data": [],
            "index": 0,
            "tag": "Constr"
        },
        {
            "data": [
                {
                    "data": [
                        {
                            "data": "\"\\203'\\134\\&1\\146\\237\\190\\177\\234G\\DLE\\DLE\\238z\\189\\131\\190\\&4p\\223\\170\\134\\128\\&1\"",
                            "tag": "B"
                        },
                        {
                            "data": "\"\\193\\192\\SUB@:\\202\\213\"",
                            "tag": "B"
                        }
                    ],
                    "tag": "List"
                }
            ],
            "index": 1,
            "tag": "Constr"
        },
        {
            "data": [
                {
                    "data": [
                        {
                            "data": "\"\\b\\221Q\\200\\244\\STX\\131\\146\"",
                            "tag": "B"
                        },
                        {
                            "data": "\"7\\DEL\\238\"",
                            "tag": "B"
                        },
                        {
                            "data": "\"\\ACK\\215p\\194\\140{,V\\157\"",
                            "tag": "B"
                        },
                        {
                            "data": "\"\\195l\"",
                            "tag": "B"
                        },
                        {
                            "data": "\"\\200\\235$\\RS'\\144\\167\"",
                            "tag": "B"
                        },
                        {
                            "data": "\"\"",
                            "tag": "B"
                        },
                        {
                            "data": "\"\\234\\180\\\"\\148f\\DC4]R`\\247\\163\\239\\n\\156i`_\\NUL\\130\\182\\142\\190\\ETX\\SYN\\DEL\"",
                            "tag": "B"
                        },
                        {
                            "data": "\"(\\128[\\163t\\236\\189M:\\138\\181dE\\SIFv\\230\\220\\234\\131I\"",
                            "tag": "B"
                        },
                        {
                            "data": "\"!\\228\\229:c\\145a@\\\\\\134\\244\\210\\US\\223\"",
                            "tag": "B"
                        },
                        {
                            "data": "\"/|\\DC3N\\ENQ\\RS\"",
                            "tag": "B"
                        },
                        {
                            "data": "\"\\209\\132\\169\\185b!\\ESC-w~\\239\\SUB\\US\\228Y\\168\\DC1\"",
                            "tag": "B"
                        },
                        {
                            "data": "\"\\212\\189\\172\\255\\129\\180,\\247\\&5UMTr\"",
                            "tag": "B"
                        },
                        {
                            "data": "\"p$7\\DLET\\194\\191\\b\\ETXN]\"",
                            "tag": "B"
                        },
                        {
                            "data": "\"9\\150sx\\146\\221\\230\\CANjgWB?\\244\\248\\173g\\250\\171l\\EMA\\230F\\EOT\\165YP\"",
                            "tag": "B"
                        },
                        {
                            "data": "\"\\ENQ\\221\\ETB\"",
                            "tag": "B"
                        },
                        {
                            "data": "\"\\140\\181\\174\\v\\DC2\\DC2+z\\174\\227\\254\\137\\254\\210\\171>\\174\\154G\\158\\198\\161\\ESC\\FS\\224q4<5\"",
                            "tag": "B"
                        },
                        {
                            "data": "\"\\159\\209\\177\\242\"",
                            "tag": "B"
                        },
                        {
                            "data": "\"\"",
                            "tag": "B"
                        },
                        {
                            "data": "\"r\"",
                            "tag": "B"
                        },
                        {
                            "data": "\"\\197,\\132\\GS\\255\\182\\184\\226U\\182\\194\\&3\\US\\176\\148\\146>\\216\\238\"",
                            "tag": "B"
                        },
                        {
                            "data": "\"Vn\\212\\&0\\201Y\"",
                            "tag": "B"
                        }
                    ],
                    "tag": "List"
                }
            ],
            "index": 1,
            "tag": "Constr"
        },
        {
            "data": [
                {
                    "data": [
                        {
                            "data": "\"-\\ETBT\\229\\132\\162Z\\209\\213\\139Ui\\134\\215\\218@\\209\\231ZU5\"",
                            "tag": "B"
                        }
                    ],
                    "tag": "List"
                }
            ],
            "index": 1,
            "tag": "Constr"
        },
        {
            "data": [],
            "index": 0,
            "tag": "Constr"
        },
        {
            "data": [],
            "index": 0,
            "tag": "Constr"
        },
        {
            "data": [],
            "index": 0,
            "tag": "Constr"
        }
    ]
}