{
    "seed": 123456,
    "data": [
        {
            "data": [
                {
                    "data": [
                        {
                            "data": "\"\\138\"",
                            "tag": "B"
                        },
                        {
                            "data": "\"\\160\\160\\166Q\\135\\193\\241\\199f5\\206\\192\\133\\147\\179\\ESCS\\ESC\\221rT\\193\\221\\196rmj\\NAK\\US\\r\"",
                            "tag": "B"
                        }
                    ],
                    "index": 0,
                    "tag": "Constr"
                }
            ],
            "index": 0,
            "tag": "Constr"
        },
        {
            "data": [
                {
                    "data": [
                        {
                            "data": "\"\\DC4\\147\\248\\238\\151\\214g\\\"\\203\\229\\DC3\\DLE\\251\\&9n\\NAK\\242\\153\\244\\EOTF\\143\\144Z\"",
                            "tag": "B"
                        },
                        {
                            "data": "\"H \\214\\USPz\\229Mj\\229\\US\\180\\144\\201EN\\NAK\\151\\231\\&0\\246\\236\\a\\202\\&7\\DLEb\\154\\\"\\227qU\\128@\\191U\\230\\SYNU\"",
                            "tag": "B"
                        }
                    ],
                    "index": 0,
                    "tag": "Constr"
                }
            ],
            "index": 0,
            "tag": "Constr"
        },
        {
            "data": [
                {
                    "data": [
                        {
                            "data": "\"g\\221\\&0\\227\\249\\200\\232\\211\\223\\128\\131\\&7\\210E\\211\\&6\\164\\222\\255\\202\\249l\\fqH8?\\224\\219H)\\207\\158\\187\\&6\\DC3\\252O\\\"h\\167h\\STX\\GS\\198N\\191\\159XkM\\NAK\\226{}\\134\\225B\\187\"",
                            "tag": "B"
                        },
                        {
                            "data": "\"\\238\\133.\\242L\\143\\&1\\227\\249\\243\\DC2\\DC4\\EMPv0reG\\213\\US\\150V\\190\\n?\\141\\142x\\\"\\214\\193\\251\\217\\200\\223\\200\\183Xs\"",
                            "tag": "B"
                        }
                    ],
                    "index": 0,
                    "tag": "Constr"
                }
            ],
            "index": 0,
            "tag": "Constr"
        },
        {
            "data": [
                {
                    "data": [
                        {
                            "data": "\"\\SYN\\131\\166\\184\\&5\\SO\\218\\178\\148\\210\\141\\144i\\221 \\225\\NAKk\\249\\251<`CU\\145\\&6\\248\\205\\ETB}\\202I\\183}\\FSoQ\\249\\DEL\\254b\\171b>\\234\\FS\\231\\173\\136\\GS\\210\"",
                            "tag": "B"
                        },
                        {
                            "data": "\"q\\176sP)\\227\\196T\\140\\225\\219u#\\253>aJ\\148q\\227d\\153Y:\\141(\\220\\175\\US5\\144\\191\\161g\\SUB\\254\\132\\ACKw\\201u\\216{\\250\\241\\145\"",
                            "tag": "B"
                        }
                    ],
                    "index": 0,
                    "tag": "Constr"
                }
            ],
            "index": 0,
            "tag": "Constr"
        },
        {
            "data": [
                {
                    "data": [
                        {
                            "data": "\"_\\158\\135L\\160`\\146\\SYNmW\\146Z\\b^\\172\\155\\195\\166\\229\\220\\SYN\\STX\\\"\"",
                            "tag": "B"
                        },
                        {
                            "data": "\"\\212\\189\\159O\\181\\241\\CAN\\144\\231B\\228@\\172P\\207\\160?\\STX\\227O^\\210|\\220\\r;El\\223\\\\\\SUB\\213\\149\\229W\\155^2\\152D)\\176\\229\\145\\DELk\\130*\\252W\\201\\t\\134\"",
                            "tag": "B"
                        }
                    ],
                    "index": 0,
                    "tag": "Constr"
                }
            ],
            "index": 0,
            "tag": "Constr"
        },
        {
            "data": [
                {
                    "data": [
                        {
                            "data": "\"dL\\DC1\\STX6\\227\\239\\147\\144\\227\\250[\\t'ch@n_\\NAK\\138\\229`%:N\\STX\\r\\200\\NAKF\\198\\ENQEVqQ\\SUB\\151\\&2\\147\\153\\RSbO\\137w\\222F\\NAK\\236[\\152\\202\"",
                            "tag": "B"
                        },
                        {
                            "data": "\"\\237\\223~QG\\162\\176\\234\\f\\160\"",
                            "tag": "B"
                        }
                    ],
                    "index": 0,
                    "tag": "Constr"
                }
            ],
            "index": 0,
            "tag": "Constr"
        },
        {
            "data": [
                {
                    "data": [
                        {
                            "data": "\"\\\\x\\SO\\151\\166Jbx\\234]\\203\\&0\\141--!iTZ\\203T\\167eE\\162]\\176-\\NUL\\146\\171\\145>\\231\\218\\188dAG\\DC3\\135B\\250\\205\\&9\\EMd\\234\\200\\188I\\FS\\148\\&5\\165\\150\"",
                            "tag": "B"
                        },
                        {
                            "data": "\"{\\215\\248u\\238&\\195\\159\\DC3Ld\\DEL!\\210\\SOH\\RS\\fh\\203\\237\\215\\&8\\184\\&03\\144\"",
                            "tag": "B"
                        }
                    ],
                    "index": 0,
                    "tag": "Constr"
                }
            ],
            "index": 0,
            "tag": "Constr"
        },
        {
            "data": [
                {
                    "data": [
                        {
                            "data": "\"u6\\243\\DEL\\149\\NAK\\EOTb\"",
                            "tag": "B"
                        },
                        {
                            "data": "\" \\162g\\234%\\250\\184\\153ks\\146$`\\US0O\\226\\175n\\246\\171\\159p\\233\\225\\202\\161\\206\\217\\&9\\149\\199\\&3:\\229\\152r]\\SOH\\213\\STX\\223\\165\\180\\248&Q\\128\\243\"",
                            "tag": "B"
                        }
                    ],
                    "index": 0,
                    "tag": "Constr"
                }
            ],
            "index": 0,
            "tag": "Constr"
        },
        {
            "data": [
                {
                    "data": [
                        {
                            "data": "\"\\134\\144\\137E\\DEL\\251P\\236\\SYN\\205\\220\\171\\140\\151\\210%\\r\\247\\ACKC\\238\\150M\\219(\\215\\248<\\219\\138or\\SOH>\\222&\\129\\146\\135\\249\\222\\167$\\205\\243\\255\\243~\\159\\199\\176\"",
                            "tag": "B"
                        },
                        {
                            "data": "\"^Ve\\172%(\\191\\155wB\\212-U\\234\\216.\\134G\\211zR\\134\\189\\141\\\"\\199\\211\\179\\153\\255\\b\\141\\DC1\\138\\159\\149\\170w\\160\\221o)\\133\\230\\139\\132\\SUB\\244\\&1{\\167r1\\225\\232\\184qpMK\\181\\197?\\SO\"",
                            "tag": "B"
                        }
                    ],
                    "index": 0,
                    "tag": "Constr"
                }
            ],
            "index": 0,
            "tag": "Constr"
        },
        {
            "data": [
                {
                    "data": [
                        {
                            "data": "\"D\\190\\&1\\149!\\253!\\154\\162\\STXi\\DC46M\\219S\\US\\n\\143\\147\\217\\128\\SYN\\244jX\\239\\141\\&02\\190W\\254!;ge\\SOH\\231kQ\\197@\\215\\171y\\165\\249\\161\\142\\190\\202z\\ACK6\\213d\"",
                            "tag": "B"
                        },
                        {
                            "data": "\"\"",
                            "tag": "B"
                        }
                    ],
                    "index": 0,
                    "tag": "Constr"
                }
            ],
            "index": 0,
            "tag": "Constr"
        },
        {
            "data": [
                {
                    "data": [
                        {
                            "data": "\"\\ACKf\"",
                            "tag": "B"
                        },
                        {
                            "data": "\"\\168\\139\\239\\253\\157\\140\\&8\\133N%h\\168\\133\\176\\t\\nG\\153\"",
                            "tag": "B"
                        }
                    ],
                    "index": 0,
                    "tag": "Constr"
                }
            ],
            "index": 0,
            "tag": "Constr"
        },
        {
            "data": [
                {
                    "data": [
                        {
                            "data": "\"\\232\\206 f\\154\\250\\DC1\\234\\153\\SOH\\194\\182n\\200\\t\\201y\\157\\v\\220\\135lb\\129\\198\\255\\ESCnP\\165\\&3\\249\\175\\145\\185}'7j\\212\\197\"",
                            "tag": "B"
                        },
                        {
                            "data": "\"a\\135 \\163\\254\\173\\SI\\ESCA\\203\\251\\&3\\194z{\\201\\250\\139o\\170\\231\\161asbG\\167;\\f0\\US8\\145i> D\\\\\\200,o+\\184|\\163ZY^\"",
                            "tag": "B"
                        }
                    ],
                    "index": 0,
                    "tag": "Constr"
                }
            ],
            "index": 0,
            "tag": "Constr"
        },
        {
            "data": [
                {
                    "data": [
                        {
                            "data": "\"\\193\\155*;NR,\\162\\132\\163\\211\\ETB'\\146!+\\n\"",
                            "tag": "B"
                        },
                        {
                            "data": "\"\\147\\228,\\136\\250\\201,^\\238\\194\\ENQP\\t\\a\\252\\fA\\185\\&4\\NAK\\177\\151\\156~$\\168\\145zs\\198?\\140)\\186\\139\\\"Y\\137\\169\\200h\\180\\155\\190\\217\\EMp:\\131\\t|\\223\\165\\ACK\\143\\235\\EM\\156\\STX\\\\\\NUL\"",
                            "tag": "B"
                        }
                    ],
                    "index": 0,
                    "tag": "Constr"
                }
            ],
            "index": 0,
            "tag": "Constr"
        },
        {
            "data": [
                {
                    "data": [
                        {
                            "data": "\" \\190\\SYN\\ETXN\\240;i\\255\\\\V\\NUL3i\\DEL\\aM\\134\\139\\196D\\136\\&2\\172\\EOT~\\EOTJ\\171\\130\\215\\253\\SYN$\\r\\195m\\190\\194\\253\\179F\\184\\192\\175\\234\\178\\DC3\\225\\192\\152\\&3\\202O#uI\\240\\183v\\EOT\\245\"",
                            "tag": "B"
                        },
                        {
                            "data": "\"\\232\\&1iW\\233\\DC2\\154\\ACKf\\ETBt\\204rg:\\GS\\RSV\\ENQ\\153cI\\163$\\202\\CAN\\205\\139W\\ETB\\151\\171\\150'\\147M\\236Wh\\212\\223\\250\\RS\\DEL\\241\\&0\\128\\152\\234+\\230\\SI\\251\\206\\ETXn\\172\"",
                            "tag": "B"
                        }
                    ],
                    "index": 0,
                    "tag": "Constr"
                }
            ],
            "index": 0,
            "tag": "Constr"
        },
        {
            "data": [
                {
                    "data": [
                        {
                            "data": "\"\\GS\\181S\\203\\199C\\t\\US\\147\\193\\157\"",
                            "tag": "B"
                        },
                        {
                            "data": "\"V\\SYNF\\DC1)&\\ETB\\EOT\\183\\&7]v;\\141Y\\153\\&4\\223\\235\\133\\SUB\\234\\128w!\\148\\247\\159\\247\\FS\\254<\\ETB\"",
                            "tag": "B"
                        }
                    ],
                    "index": 0,
                    "tag": "Constr"
                }
            ],
            "index": 0,
            "tag": "Constr"
        },
        {
            "data": [
                {
                    "data": [
                        {
                            "data": "\"\\229\\142\\&4'];\\175\\181cQuR\\ENQ\\167\\EM@\\147\\142-3?\\219\\ESC\\136\\172[\\221\\v\\SUB\\178]\"",
                            "tag": "B"
                        },
                        {
                            "data": "\"\\182(\\217X]\\152\\158\\246\\223\"",
                            "tag": "B"
                        }
                    ],
                    "index": 0,
                    "tag": "Constr"
                }
            ],
            "index": 0,
            "tag": "Constr"
        },
        {
            "data": [
                {
                    "data": [
                        {
                            "data": "\"\\225lB\\236(\\252\\\"\\ETX\\254\\164i\\134\\181\\227:A+p\\248h\\155\\219T%V\\200\\191\\SO\\151\\&9\\245\\DC1\\SYN\\t\"",
                            "tag": "B"
                        },
                        {
                            "data": "\"\\250\\206\\203l\\186\\a\\227/\\170!\\192\\135\\238\\209\\RS\\139\\223\\155\\158\\222\"",
                            "tag": "B"
                        }
                    ],
                    "index": 0,
                    "tag": "Constr"
                }
            ],
            "index": 0,
            "tag": "Constr"
        },
        {
            "data": [
                {
                    "data": [
                        {
                            "data": "\"\\DEL\\165P\\210\\132>\\SOK4\"",
                            "tag": "B"
                        },
                        {
                            "data": "\"\\241eR\\162}\\153\\216\\132\\197\\180\\230+\\153\\214.\\ESCr\\179&\\a\\212\\218h\\177&\\141\\\"\\FS\\208!\\252x\\243\\170\\&26B\\ETB,\\NAKn^J!d\\v\\f\\188\\164q\\171\\129\\140W\\175\\213e\"",
                            "tag": "B"
                        }
                    ],
                    "index": 0,
                    "tag": "Constr"
                }
            ],
            "index": 0,
            "tag": "Constr"
        },
        {
            "data": [
                {
                    "data": [
                        {
                            "data": "\"\\EOT\\DLEUe\\240D\\241\\193\\140\\131o6\\185\\157o\\208b\\149\\n8\\164+|*in1{\\172\\&9\\ENQ\\207*\\241\\142\\151d\\187\"",
                            "tag": "B"
                        },
                        {
                            "data": "\"\\EOT\\240P\\141PW\\235\\153\\133\\214\\145\\183\\SO!\\128\\164\\195`\\132ZHq\\224X\\SYN\\255\\173\"",
                            "tag": "B"
                        }
                    ],
                    "index": 0,
                    "tag": "Constr"
                }
            ],
            "index": 0,
            "tag": "Constr"
        },
        {
            "data": [
                {
                    "data": [
                        {
                            "data": "\"z\\DC1\\166\\EOT\\169\\217\\138\\198\\234\\SYNE\\249\\199\\\"\\DC4\\153\\176@q\"",
                            "tag": "B"
                        },
                        {
                            "data": "\"\\246\\238\\139\\142\\SI\\199=y\\ETX\\247\"",
                            "tag": "B"
                        }
                    ],
                    "index": 0,
                    "tag": "Constr"
                }
            ],
            "index": 0,
            "tag": "Constr"
        }
    ]
}